0 verbose cli C:\nvm4w\nodejs\node.exe C:\Users\dorad\AppData\Local\nvm\v22.22.1\node_modules\npm\bin\npm-cli.js
1 info using npm@10.9.4
2 info using node@v22.22.1
3 silly config load:file:C:\Users\dorad\AppData\Local\nvm\v22.22.1\node_modules\npm\npmrc
4 silly config load:file:D:\logickids-mobile\.npmrc
5 silly config load:file:C:\Users\dorad\.npmrc
6 silly config load:file:D:\logickids-mobile\npm-global\etc\npmrc
7 verbose title npm exec expo start
8 verbose argv "exec" "--" "expo" "start"
9 verbose logfile logs-max:10 dir:D:\logickids-mobile\npm-cache\_logs\2026-06-19T14_18_07_254Z-
10 verbose logfile D:\logickids-mobile\npm-cache\_logs\2026-06-19T14_18_07_254Z-debug-0.log
11 silly logfile done cleaning log files
12 http fetch GET 200 https://registry.npmjs.org/npm 641ms
13 verbose cwd D:\logickids-mobile
14 verbose os Windows_NT 10.0.26200
15 verbose node v22.22.1
16 verbose npm  v10.9.4
17 notice
17 notice New [31mmajor[39m version of npm available! [31m10.9.4[39m -> [34m11.17.0[39m
17 notice Changelog: [34mhttps://github.com/npm/cli/releases/tag/v11.17.0[39m
17 notice To update run: [4mnpm install -g npm@11.17.0[24m
17 notice  { force: true, [Symbol(proc-log.meta)]: true }
18 verbose exit 0
19 info ok
